experiment_id=phase8-helix-sla-continuation-sweep-v1
{"alpha": 0.0, "first_violation": "network", "partition": "8-12-8-12-8-12-8-12", "peak_decode_at_first_unsafe": 10, "right_censored": false, "safe_lambda": 0.0079, "sampled_monotonic": true, "shift": -2, "tpot_s": 1.0, "ttft_s": 0.28, "unsafe_lambda": 0.008}
{"alpha": 0.0, "first_violation": "network", "partition": "9-11-9-11-9-11-9-11", "peak_decode_at_first_unsafe": 10, "right_censored": false, "safe_lambda": 0.0077, "sampled_monotonic": true, "shift": -1, "tpot_s": 1.0, "ttft_s": 0.28, "unsafe_lambda": 0.0078}
{"alpha": 0.0, "first_violation": "network", "partition": "10-10-10-10-10-10-10-10", "peak_decode_at_first_unsafe": 11, "right_censored": false, "safe_lambda": 0.0079, "sampled_monotonic": true, "shift": 0, "tpot_s": 1.0, "ttft_s": 0.28, "unsafe_lambda": 0.008}
{"alpha": 0.0, "first_violation": "network", "partition": "11-9-11-9-11-9-11-9", "peak_decode_at_first_unsafe": 11, "right_censored": false, "safe_lambda": 0.0084, "sampled_monotonic": true, "shift": 1, "tpot_s": 1.0, "ttft_s": 0.28, "unsafe_lambda": 0.0085}
{"alpha": 0.0, "first_violation": "network", "partition": "12-8-12-8-12-8-12-8", "peak_decode_at_first_unsafe": 12, "right_censored": false, "safe_lambda": 0.0092, "sampled_monotonic": true, "shift": 2, "tpot_s": 1.0, "ttft_s": 0.28, "unsafe_lambda": 0.0093}
sla_summary={"all_sampled_monotonic": true, "alpha": 0.0, "best_gain_over_uniform_pct": 16.456, "best_safe_lambda": 0.0092, "best_shifts": [2], "tpot_s": 1.0, "ttft_s": 0.28, "uniform_first_violation": "network", "uniform_safe_lambda": 0.0079}
{"alpha": 0.125, "first_violation": null, "partition": "8-12-8-12-8-12-8-12", "peak_decode_at_first_unsafe": null, "right_censored": true, "safe_lambda": 0.014, "sampled_monotonic": true, "shift": -2, "tpot_s": 0.9, "ttft_s": 0.495, "unsafe_lambda": null}
{"alpha": 0.125, "first_violation": null, "partition": "9-11-9-11-9-11-9-11", "peak_decode_at_first_unsafe": null, "right_censored": true, "safe_lambda": 0.014, "sampled_monotonic": true, "shift": -1, "tpot_s": 0.9, "ttft_s": 0.495, "unsafe_lambda": null}
{"alpha": 0.125, "first_violation": null, "partition": "10-10-10-10-10-10-10-10", "peak_decode_at_first_unsafe": null, "right_censored": true, "safe_lambda": 0.014, "sampled_monotonic": true, "shift": 0, "tpot_s": 0.9, "ttft_s": 0.495, "unsafe_lambda": null}
{"alpha": 0.125, "first_violation": null, "partition": "11-9-11-9-11-9-11-9", "peak_decode_at_first_unsafe": null, "right_censored": true, "safe_lambda": 0.014, "sampled_monotonic": true, "shift": 1, "tpot_s": 0.9, "ttft_s": 0.495, "unsafe_lambda": null}
{"alpha": 0.125, "first_violation": null, "partition": "12-8-12-8-12-8-12-8", "peak_decode_at_first_unsafe": null, "right_censored": true, "safe_lambda": 0.014, "sampled_monotonic": true, "shift": 2, "tpot_s": 0.9, "ttft_s": 0.495, "unsafe_lambda": null}
sla_summary={"all_sampled_monotonic": true, "alpha": 0.125, "best_gain_over_uniform_pct": 0.0, "best_safe_lambda": 0.014, "best_shifts": [-2, -1, 0, 1, 2], "tpot_s": 0.9, "ttft_s": 0.495, "uniform_first_violation": null, "uniform_safe_lambda": 0.014}
{"alpha": 0.25, "first_violation": null, "partition": "8-12-8-12-8-12-8-12", "peak_decode_at_first_unsafe": null, "right_censored": true, "safe_lambda": 0.014, "sampled_monotonic": true, "shift": -2, "tpot_s": 0.8, "ttft_s": 0.71, "unsafe_lambda": null}
{"alpha": 0.25, "first_violation": null, "partition": "9-11-9-11-9-11-9-11", "peak_decode_at_first_unsafe": null, "right_censored": true, "safe_lambda": 0.014, "sampled_monotonic": true, "shift": -1, "tpot_s": 0.8, "ttft_s": 0.71, "unsafe_lambda": null}
{"alpha": 0.25, "first_violation": null, "partition": "10-10-10-10-10-10-10-10", "peak_decode_at_first_unsafe": null, "right_censored": true, "safe_lambda": 0.014, "sampled_monotonic": true, "shift": 0, "tpot_s": 0.8, "ttft_s": 0.71, "unsafe_lambda": null}
{"alpha": 0.25, "first_violation": null, "partition": "11-9-11-9-11-9-11-9", "peak_decode_at_first_unsafe": null, "right_censored": true, "safe_lambda": 0.014, "sampled_monotonic": true, "shift": 1, "tpot_s": 0.8, "ttft_s": 0.71, "unsafe_lambda": null}
{"alpha": 0.25, "first_violation": null, "partition": "12-8-12-8-12-8-12-8", "peak_decode_at_first_unsafe": null, "right_censored": true, "safe_lambda": 0.014, "sampled_monotonic": true, "shift": 2, "tpot_s": 0.8, "ttft_s": 0.71, "unsafe_lambda": null}
sla_summary={"all_sampled_monotonic": true, "alpha": 0.25, "best_gain_over_uniform_pct": 0.0, "best_safe_lambda": 0.014, "best_shifts": [-2, -1, 0, 1, 2], "tpot_s": 0.8, "ttft_s": 0.71, "uniform_first_violation": null, "uniform_safe_lambda": 0.014}
{"alpha": 0.375, "first_violation": null, "partition": "8-12-8-12-8-12-8-12", "peak_decode_at_first_unsafe": null, "right_censored": true, "safe_lambda": 0.014, "sampled_monotonic": true, "shift": -2, "tpot_s": 0.7, "ttft_s": 0.925, "unsafe_lambda": null}
{"alpha": 0.375, "first_violation": null, "partition": "9-11-9-11-9-11-9-11", "peak_decode_at_first_unsafe": null, "right_censored": true, "safe_lambda": 0.014, "sampled_monotonic": true, "shift": -1, "tpot_s": 0.7, "ttft_s": 0.925, "unsafe_lambda": null}
{"alpha": 0.375, "first_violation": null, "partition": "10-10-10-10-10-10-10-10", "peak_decode_at_first_unsafe": null, "right_censored": true, "safe_lambda": 0.014, "sampled_monotonic": true, "shift": 0, "tpot_s": 0.7, "ttft_s": 0.925, "unsafe_lambda": null}
{"alpha": 0.375, "first_violation": null, "partition": "11-9-11-9-11-9-11-9", "peak_decode_at_first_unsafe": null, "right_censored": true, "safe_lambda": 0.014, "sampled_monotonic": true, "shift": 1, "tpot_s": 0.7, "ttft_s": 0.925, "unsafe_lambda": null}
{"alpha": 0.375, "first_violation": null, "partition": "12-8-12-8-12-8-12-8", "peak_decode_at_first_unsafe": null, "right_censored": true, "safe_lambda": 0.014, "sampled_monotonic": true, "shift": 2, "tpot_s": 0.7, "ttft_s": 0.925, "unsafe_lambda": null}
sla_summary={"all_sampled_monotonic": true, "alpha": 0.375, "best_gain_over_uniform_pct": 0.0, "best_safe_lambda": 0.014, "best_shifts": [-2, -1, 0, 1, 2], "tpot_s": 0.7, "ttft_s": 0.925, "uniform_first_violation": null, "uniform_safe_lambda": 0.014}
{"alpha": 0.5, "first_violation": null, "partition": "8-12-8-12-8-12-8-12", "peak_decode_at_first_unsafe": null, "right_censored": true, "safe_lambda": 0.014, "sampled_monotonic": true, "shift": -2, "tpot_s": 0.6, "ttft_s": 1.14, "unsafe_lambda": null}
{"alpha": 0.5, "first_violation": null, "partition": "9-11-9-11-9-11-9-11", "peak_decode_at_first_unsafe": null, "right_censored": true, "safe_lambda": 0.014, "sampled_monotonic": true, "shift": -1, "tpot_s": 0.6, "ttft_s": 1.14, "unsafe_lambda": null}
{"alpha": 0.5, "first_violation": null, "partition": "10-10-10-10-10-10-10-10", "peak_decode_at_first_unsafe": null, "right_censored": true, "safe_lambda": 0.014, "sampled_monotonic": true, "shift": 0, "tpot_s": 0.6, "ttft_s": 1.14, "unsafe_lambda": null}
{"alpha": 0.5, "first_violation": null, "partition": "11-9-11-9-11-9-11-9", "peak_decode_at_first_unsafe": null, "right_censored": true, "safe_lambda": 0.014, "sampled_monotonic": true, "shift": 1, "tpot_s": 0.6, "ttft_s": 1.14, "unsafe_lambda": null}
{"alpha": 0.5, "first_violation": null, "partition": "12-8-12-8-12-8-12-8", "peak_decode_at_first_unsafe": null, "right_censored": true, "safe_lambda": 0.014, "sampled_monotonic": true, "shift": 2, "tpot_s": 0.6, "ttft_s": 1.14, "unsafe_lambda": null}
sla_summary={"all_sampled_monotonic": true, "alpha": 0.5, "best_gain_over_uniform_pct": 0.0, "best_safe_lambda": 0.014, "best_shifts": [-2, -1, 0, 1, 2], "tpot_s": 0.6, "ttft_s": 1.14, "uniform_first_violation": null, "uniform_safe_lambda": 0.014}
{"alpha": 0.625, "first_violation": null, "partition": "8-12-8-12-8-12-8-12", "peak_decode_at_first_unsafe": null, "right_censored": true, "safe_lambda": 0.014, "sampled_monotonic": true, "shift": -2, "tpot_s": 0.5, "ttft_s": 1.355, "unsafe_lambda": null}
{"alpha": 0.625, "first_violation": null, "partition": "9-11-9-11-9-11-9-11", "peak_decode_at_first_unsafe": null, "right_censored": true, "safe_lambda": 0.014, "sampled_monotonic": true, "shift": -1, "tpot_s": 0.5, "ttft_s": 1.355, "unsafe_lambda": null}
{"alpha": 0.625, "first_violation": null, "partition": "10-10-10-10-10-10-10-10", "peak_decode_at_first_unsafe": null, "right_censored": true, "safe_lambda": 0.014, "sampled_monotonic": true, "shift": 0, "tpot_s": 0.5, "ttft_s": 1.355, "unsafe_lambda": null}
{"alpha": 0.625, "first_violation": null, "partition": "11-9-11-9-11-9-11-9", "peak_decode_at_first_unsafe": null, "right_censored": true, "safe_lambda": 0.014, "sampled_monotonic": true, "shift": 1, "tpot_s": 0.5, "ttft_s": 1.355, "unsafe_lambda": null}
{"alpha": 0.625, "first_violation": null, "partition": "12-8-12-8-12-8-12-8", "peak_decode_at_first_unsafe": null, "right_censored": true, "safe_lambda": 0.014, "sampled_monotonic": true, "shift": 2, "tpot_s": 0.5, "ttft_s": 1.355, "unsafe_lambda": null}
sla_summary={"all_sampled_monotonic": true, "alpha": 0.625, "best_gain_over_uniform_pct": 0.0, "best_safe_lambda": 0.014, "best_shifts": [-2, -1, 0, 1, 2], "tpot_s": 0.5, "ttft_s": 1.355, "uniform_first_violation": null, "uniform_safe_lambda": 0.014}
{"alpha": 0.75, "first_violation": null, "partition": "8-12-8-12-8-12-8-12", "peak_decode_at_first_unsafe": null, "right_censored": true, "safe_lambda": 0.014, "sampled_monotonic": true, "shift": -2, "tpot_s": 0.4, "ttft_s": 1.57, "unsafe_lambda": null}
{"alpha": 0.75, "first_violation": null, "partition": "9-11-9-11-9-11-9-11", "peak_decode_at_first_unsafe": null, "right_censored": true, "safe_lambda": 0.014, "sampled_monotonic": true, "shift": -1, "tpot_s": 0.4, "ttft_s": 1.57, "unsafe_lambda": null}
{"alpha": 0.75, "first_violation": null, "partition": "10-10-10-10-10-10-10-10", "peak_decode_at_first_unsafe": null, "right_censored": true, "safe_lambda": 0.014, "sampled_monotonic": true, "shift": 0, "tpot_s": 0.4, "ttft_s": 1.57, "unsafe_lambda": null}
{"alpha": 0.75, "first_violation": null, "partition": "11-9-11-9-11-9-11-9", "peak_decode_at_first_unsafe": null, "right_censored": true, "safe_lambda": 0.014, "sampled_monotonic": true, "shift": 1, "tpot_s": 0.4, "ttft_s": 1.57, "unsafe_lambda": null}
{"alpha": 0.75, "first_violation": null, "partition": "12-8-12-8-12-8-12-8", "peak_decode_at_first_unsafe": null, "right_censored": true, "safe_lambda": 0.014, "sampled_monotonic": true, "shift": 2, "tpot_s": 0.4, "ttft_s": 1.57, "unsafe_lambda": null}
sla_summary={"all_sampled_monotonic": true, "alpha": 0.75, "best_gain_over_uniform_pct": 0.0, "best_safe_lambda": 0.014, "best_shifts": [-2, -1, 0, 1, 2], "tpot_s": 0.4, "ttft_s": 1.57, "uniform_first_violation": null, "uniform_safe_lambda": 0.014}
{"alpha": 0.875, "first_violation": "network", "partition": "8-12-8-12-8-12-8-12", "peak_decode_at_first_unsafe": 11, "right_censored": false, "safe_lambda": 0.0085, "sampled_monotonic": true, "shift": -2, "tpot_s": 0.3, "ttft_s": 1.785, "unsafe_lambda": 0.0086}
{"alpha": 0.875, "first_violation": "network", "partition": "9-11-9-11-9-11-9-11", "peak_decode_at_first_unsafe": 10, "right_censored": false, "safe_lambda": 0.0077, "sampled_monotonic": true, "shift": -1, "tpot_s": 0.3, "ttft_s": 1.785, "unsafe_lambda": 0.0078}
{"alpha": 0.875, "first_violation": "network", "partition": "10-10-10-10-10-10-10-10", "peak_decode_at_first_unsafe": 10, "right_censored": false, "safe_lambda": 0.0076, "sampled_monotonic": true, "shift": 0, "tpot_s": 0.3, "ttft_s": 1.785, "unsafe_lambda": 0.0077}
{"alpha": 0.875, "first_violation": "network", "partition": "11-9-11-9-11-9-11-9", "peak_decode_at_first_unsafe": 10, "right_censored": false, "safe_lambda": 0.0074, "sampled_monotonic": true, "shift": 1, "tpot_s": 0.3, "ttft_s": 1.785, "unsafe_lambda": 0.0075}
{"alpha": 0.875, "first_violation": "network", "partition": "12-8-12-8-12-8-12-8", "peak_decode_at_first_unsafe": 9, "right_censored": false, "safe_lambda": 0.0059, "sampled_monotonic": true, "shift": 2, "tpot_s": 0.3, "ttft_s": 1.785, "unsafe_lambda": 0.006}
sla_summary={"all_sampled_monotonic": true, "alpha": 0.875, "best_gain_over_uniform_pct": 11.842, "best_safe_lambda": 0.0085, "best_shifts": [-2], "tpot_s": 0.3, "ttft_s": 1.785, "uniform_first_violation": "network", "uniform_safe_lambda": 0.0076}
{"alpha": 1.0, "first_violation": "network", "partition": "8-12-8-12-8-12-8-12", "peak_decode_at_first_unsafe": 3, "right_censored": false, "safe_lambda": 0.0023, "sampled_monotonic": true, "shift": -2, "tpot_s": 0.2, "ttft_s": 2.0, "unsafe_lambda": 0.0024}
{"alpha": 1.0, "first_violation": "network", "partition": "9-11-9-11-9-11-9-11", "peak_decode_at_first_unsafe": 3, "right_censored": false, "safe_lambda": 0.0023, "sampled_monotonic": true, "shift": -1, "tpot_s": 0.2, "ttft_s": 2.0, "unsafe_lambda": 0.0024}
{"alpha": 1.0, "first_violation": "network", "partition": "10-10-10-10-10-10-10-10", "peak_decode_at_first_unsafe": 3, "right_censored": false, "safe_lambda": 0.0016, "sampled_monotonic": true, "shift": 0, "tpot_s": 0.2, "ttft_s": 2.0, "unsafe_lambda": 0.0017}
{"alpha": 1.0, "first_violation": "network", "partition": "11-9-11-9-11-9-11-9", "peak_decode_at_first_unsafe": 2, "right_censored": false, "safe_lambda": 0.0011, "sampled_monotonic": true, "shift": 1, "tpot_s": 0.2, "ttft_s": 2.0, "unsafe_lambda": 0.0012}
{"alpha": 1.0, "first_violation": "network", "partition": "12-8-12-8-12-8-12-8", "peak_decode_at_first_unsafe": 2, "right_censored": false, "safe_lambda": 0.0011, "sampled_monotonic": true, "shift": 2, "tpot_s": 0.2, "ttft_s": 2.0, "unsafe_lambda": 0.0012}
sla_summary={"all_sampled_monotonic": true, "alpha": 1.0, "best_gain_over_uniform_pct": 43.75, "best_safe_lambda": 0.0023, "best_shifts": [-2, -1], "tpot_s": 0.2, "ttft_s": 2.0, "uniform_first_violation": "network", "uniform_safe_lambda": 0.0016}
conclusion={"all_sampled_monotonic": true, "answer": "not_yet", "end_prefers_more_t4x4_layers": true, "negative_best_shift_points": 8, "neutral_best_shift_points": 6, "positive_best_shift_points": 7, "question": "As the SLA moves continuously from TTFT-tight to TPOT-tight, does the preferred layer-boundary direction move from L4x2-heavy toward T4x4-heavy rather than remaining a single static compute-balanced choice?", "representative_best_shift_nonincreasing": false, "start_prefers_more_l4x2_layers": true}
