experiment_id=phase9-helix-sla-crossover-localization-v1
{"alpha": 0.0, "evaluations": 25, "first_violation": "network", "partition": "8-12-8-12-8-12-8-12", "peak_decode_at_first_unsafe": 10, "right_censored": false, "safe_lambda": 0.0079, "sampled_monotonic": true, "shift": -2, "tpot_s": 1.0, "ttft_s": 0.28, "unsafe_lambda": 0.00795}
{"alpha": 0.0, "evaluations": 21, "first_violation": "network", "partition": "9-11-9-11-9-11-9-11", "peak_decode_at_first_unsafe": 10, "right_censored": false, "safe_lambda": 0.0077, "sampled_monotonic": true, "shift": -1, "tpot_s": 1.0, "ttft_s": 0.28, "unsafe_lambda": 0.00775}
{"alpha": 0.0, "evaluations": 25, "first_violation": "network", "partition": "10-10-10-10-10-10-10-10", "peak_decode_at_first_unsafe": 11, "right_censored": false, "safe_lambda": 0.00795, "sampled_monotonic": true, "shift": 0, "tpot_s": 1.0, "ttft_s": 0.28, "unsafe_lambda": 0.008}
{"alpha": 0.0, "evaluations": 26, "first_violation": "network", "partition": "11-9-11-9-11-9-11-9", "peak_decode_at_first_unsafe": 11, "right_censored": false, "safe_lambda": 0.0084, "sampled_monotonic": true, "shift": 1, "tpot_s": 1.0, "ttft_s": 0.28, "unsafe_lambda": 0.00845}
{"alpha": 0.0, "evaluations": 24, "first_violation": "network", "partition": "12-8-12-8-12-8-12-8", "peak_decode_at_first_unsafe": 12, "right_censored": false, "safe_lambda": 0.0092, "sampled_monotonic": true, "shift": 2, "tpot_s": 1.0, "ttft_s": 0.28, "unsafe_lambda": 0.00925}
point_summary={"all_sampled_monotonic": true, "alpha": 0.0, "any_right_censored": false, "best_gain_over_uniform_pct": 15.723, "best_safe_lambda": 0.0092, "best_shifts": [2], "direction": "l4x2_heavy", "total_evaluations": 121, "tpot_s": 1.0, "ttft_s": 0.28, "uniform_safe_lambda": 0.00795}
{"alpha": 0.025, "evaluations": 32, "first_violation": "network", "partition": "8-12-8-12-8-12-8-12", "peak_decode_at_first_unsafe": 13, "right_censored": false, "safe_lambda": 0.0114, "sampled_monotonic": true, "shift": -2, "tpot_s": 0.909091, "ttft_s": 0.286152, "unsafe_lambda": 0.01145}
{"alpha": 0.025, "evaluations": 26, "first_violation": "network", "partition": "9-11-9-11-9-11-9-11", "peak_decode_at_first_unsafe": 13, "right_censored": false, "safe_lambda": 0.0111, "sampled_monotonic": true, "shift": -1, "tpot_s": 0.909091, "ttft_s": 0.286152, "unsafe_lambda": 0.01115}
{"alpha": 0.025, "evaluations": 35, "first_violation": "network", "partition": "10-10-10-10-10-10-10-10", "peak_decode_at_first_unsafe": 14, "right_censored": false, "safe_lambda": 0.0156, "sampled_monotonic": true, "shift": 0, "tpot_s": 0.909091, "ttft_s": 0.286152, "unsafe_lambda": 0.01565}
{"alpha": 0.025, "evaluations": 42, "first_violation": "network", "partition": "11-9-11-9-11-9-11-9", "peak_decode_at_first_unsafe": 15, "right_censored": false, "safe_lambda": 0.01645, "sampled_monotonic": true, "shift": 1, "tpot_s": 0.909091, "ttft_s": 0.286152, "unsafe_lambda": 0.0165}
{"alpha": 0.025, "evaluations": 36, "first_violation": "network", "partition": "12-8-12-8-12-8-12-8", "peak_decode_at_first_unsafe": 15, "right_censored": false, "safe_lambda": 0.0161, "sampled_monotonic": true, "shift": 2, "tpot_s": 0.909091, "ttft_s": 0.286152, "unsafe_lambda": 0.01615}
point_summary={"all_sampled_monotonic": true, "alpha": 0.025, "any_right_censored": false, "best_gain_over_uniform_pct": 5.449, "best_safe_lambda": 0.01645, "best_shifts": [1], "direction": "l4x2_heavy", "total_evaluations": 171, "tpot_s": 0.909091, "ttft_s": 0.286152, "uniform_safe_lambda": 0.0156}
{"alpha": 0.05, "evaluations": 40, "first_violation": "network", "partition": "8-12-8-12-8-12-8-12", "peak_decode_at_first_unsafe": 16, "right_censored": false, "safe_lambda": 0.019, "sampled_monotonic": true, "shift": -2, "tpot_s": 0.833333, "ttft_s": 0.292581, "unsafe_lambda": 0.01905}
{"alpha": 0.05, "evaluations": 47, "first_violation": "network", "partition": "9-11-9-11-9-11-9-11", "peak_decode_at_first_unsafe": 17, "right_censored": false, "safe_lambda": 0.02025, "sampled_monotonic": true, "shift": -1, "tpot_s": 0.833333, "ttft_s": 0.292581, "unsafe_lambda": 0.0203}
{"alpha": 0.05, "evaluations": 53, "first_violation": "network", "partition": "10-10-10-10-10-10-10-10", "peak_decode_at_first_unsafe": 18, "right_censored": false, "safe_lambda": 0.0228, "sampled_monotonic": true, "shift": 0, "tpot_s": 0.833333, "ttft_s": 0.292581, "unsafe_lambda": 0.02285}
{"alpha": 0.05, "evaluations": 52, "first_violation": "network", "partition": "11-9-11-9-11-9-11-9", "peak_decode_at_first_unsafe": 18, "right_censored": false, "safe_lambda": 0.0223, "sampled_monotonic": true, "shift": 1, "tpot_s": 0.833333, "ttft_s": 0.292581, "unsafe_lambda": 0.02235}
{"alpha": 0.05, "evaluations": 59, "first_violation": "network", "partition": "12-8-12-8-12-8-12-8", "peak_decode_at_first_unsafe": 19, "right_censored": false, "safe_lambda": 0.0249, "sampled_monotonic": true, "shift": 2, "tpot_s": 0.833333, "ttft_s": 0.292581, "unsafe_lambda": 0.02495}
point_summary={"all_sampled_monotonic": true, "alpha": 0.05, "any_right_censored": false, "best_gain_over_uniform_pct": 9.211, "best_safe_lambda": 0.0249, "best_shifts": [2], "direction": "l4x2_heavy", "total_evaluations": 251, "tpot_s": 0.833333, "ttft_s": 0.292581, "uniform_safe_lambda": 0.0228}
{"alpha": 0.075, "evaluations": 67, "first_violation": "network", "partition": "8-12-8-12-8-12-8-12", "peak_decode_at_first_unsafe": 20, "right_censored": false, "safe_lambda": 0.03025, "sampled_monotonic": true, "shift": -2, "tpot_s": 0.769231, "ttft_s": 0.299305, "unsafe_lambda": 0.0303}
{"alpha": 0.075, "evaluations": 62, "first_violation": "network", "partition": "9-11-9-11-9-11-9-11", "peak_decode_at_first_unsafe": 20, "right_censored": false, "safe_lambda": 0.02955, "sampled_monotonic": true, "shift": -1, "tpot_s": 0.769231, "ttft_s": 0.299305, "unsafe_lambda": 0.0296}
{"alpha": 0.075, "evaluations": 69, "first_violation": "network", "partition": "10-10-10-10-10-10-10-10", "peak_decode_at_first_unsafe": 21, "right_censored": false, "safe_lambda": 0.0308, "sampled_monotonic": true, "shift": 0, "tpot_s": 0.769231, "ttft_s": 0.299305, "unsafe_lambda": 0.03085}
{"alpha": 0.075, "evaluations": 64, "first_violation": "network", "partition": "11-9-11-9-11-9-11-9", "peak_decode_at_first_unsafe": 21, "right_censored": false, "safe_lambda": 0.0301, "sampled_monotonic": true, "shift": 1, "tpot_s": 0.769231, "ttft_s": 0.299305, "unsafe_lambda": 0.03015}
{"alpha": 0.075, "evaluations": 65, "first_violation": "network", "partition": "12-8-12-8-12-8-12-8", "peak_decode_at_first_unsafe": 22, "right_censored": false, "safe_lambda": 0.0306, "sampled_monotonic": true, "shift": 2, "tpot_s": 0.769231, "ttft_s": 0.299305, "unsafe_lambda": 0.03065}
point_summary={"all_sampled_monotonic": true, "alpha": 0.075, "any_right_censored": false, "best_gain_over_uniform_pct": 0.0, "best_safe_lambda": 0.0308, "best_shifts": [0], "direction": "uniform", "total_evaluations": 327, "tpot_s": 0.769231, "ttft_s": 0.299305, "uniform_safe_lambda": 0.0308}
{"alpha": 0.1, "evaluations": 76, "first_violation": "network", "partition": "8-12-8-12-8-12-8-12", "peak_decode_at_first_unsafe": 22, "right_censored": false, "safe_lambda": 0.03345, "sampled_monotonic": true, "shift": -2, "tpot_s": 0.714286, "ttft_s": 0.306346, "unsafe_lambda": 0.0335}
{"alpha": 0.1, "evaluations": 100, "first_violation": null, "partition": "9-11-9-11-9-11-9-11", "peak_decode_at_first_unsafe": null, "right_censored": true, "safe_lambda": 0.05, "sampled_monotonic": true, "shift": -1, "tpot_s": 0.714286, "ttft_s": 0.306346, "unsafe_lambda": null}
{"alpha": 0.1, "evaluations": 100, "first_violation": null, "partition": "10-10-10-10-10-10-10-10", "peak_decode_at_first_unsafe": null, "right_censored": true, "safe_lambda": 0.05, "sampled_monotonic": true, "shift": 0, "tpot_s": 0.714286, "ttft_s": 0.306346, "unsafe_lambda": null}
{"alpha": 0.1, "evaluations": 100, "first_violation": null, "partition": "11-9-11-9-11-9-11-9", "peak_decode_at_first_unsafe": null, "right_censored": true, "safe_lambda": 0.05, "sampled_monotonic": true, "shift": 1, "tpot_s": 0.714286, "ttft_s": 0.306346, "unsafe_lambda": null}
{"alpha": 0.1, "evaluations": 100, "first_violation": null, "partition": "12-8-12-8-12-8-12-8", "peak_decode_at_first_unsafe": null, "right_censored": true, "safe_lambda": 0.05, "sampled_monotonic": true, "shift": 2, "tpot_s": 0.714286, "ttft_s": 0.306346, "unsafe_lambda": null}
point_summary={"all_sampled_monotonic": true, "alpha": 0.1, "any_right_censored": true, "best_gain_over_uniform_pct": 0.0, "best_safe_lambda": 0.05, "best_shifts": [-1, 0, 1, 2], "direction": "tie_or_mixed", "total_evaluations": 476, "tpot_s": 0.714286, "ttft_s": 0.306346, "uniform_safe_lambda": 0.05}
{"alpha": 0.125, "evaluations": 100, "first_violation": null, "partition": "8-12-8-12-8-12-8-12", "peak_decode_at_first_unsafe": null, "right_censored": true, "safe_lambda": 0.05, "sampled_monotonic": true, "shift": -2, "tpot_s": 0.666667, "ttft_s": 0.313725, "unsafe_lambda": null}
{"alpha": 0.125, "evaluations": 100, "first_violation": null, "partition": "9-11-9-11-9-11-9-11", "peak_decode_at_first_unsafe": null, "right_censored": true, "safe_lambda": 0.05, "sampled_monotonic": true, "shift": -1, "tpot_s": 0.666667, "ttft_s": 0.313725, "unsafe_lambda": null}
{"alpha": 0.125, "evaluations": 100, "first_violation": null, "partition": "10-10-10-10-10-10-10-10", "peak_decode_at_first_unsafe": null, "right_censored": true, "safe_lambda": 0.05, "sampled_monotonic": true, "shift": 0, "tpot_s": 0.666667, "ttft_s": 0.313725, "unsafe_lambda": null}
{"alpha": 0.125, "evaluations": 100, "first_violation": null, "partition": "11-9-11-9-11-9-11-9", "peak_decode_at_first_unsafe": null, "right_censored": true, "safe_lambda": 0.05, "sampled_monotonic": true, "shift": 1, "tpot_s": 0.666667, "ttft_s": 0.313725, "unsafe_lambda": null}
{"alpha": 0.125, "evaluations": 100, "first_violation": null, "partition": "12-8-12-8-12-8-12-8", "peak_decode_at_first_unsafe": null, "right_censored": true, "safe_lambda": 0.05, "sampled_monotonic": true, "shift": 2, "tpot_s": 0.666667, "ttft_s": 0.313725, "unsafe_lambda": null}
point_summary={"all_sampled_monotonic": true, "alpha": 0.125, "any_right_censored": true, "best_gain_over_uniform_pct": 0.0, "best_safe_lambda": 0.05, "best_shifts": [-2, -1, 0, 1, 2], "direction": "tie_or_mixed", "total_evaluations": 500, "tpot_s": 0.666667, "ttft_s": 0.313725, "uniform_safe_lambda": 0.05}
{"alpha": 0.15, "evaluations": 100, "first_violation": null, "partition": "8-12-8-12-8-12-8-12", "peak_decode_at_first_unsafe": null, "right_censored": true, "safe_lambda": 0.05, "sampled_monotonic": true, "shift": -2, "tpot_s": 0.625, "ttft_s": 0.32147, "unsafe_lambda": null}
{"alpha": 0.15, "evaluations": 100, "first_violation": null, "partition": "9-11-9-11-9-11-9-11", "peak_decode_at_first_unsafe": null, "right_censored": true, "safe_lambda": 0.05, "sampled_monotonic": true, "shift": -1, "tpot_s": 0.625, "ttft_s": 0.32147, "unsafe_lambda": null}
{"alpha": 0.15, "evaluations": 100, "first_violation": null, "partition": "10-10-10-10-10-10-10-10", "peak_decode_at_first_unsafe": null, "right_censored": true, "safe_lambda": 0.05, "sampled_monotonic": true, "shift": 0, "tpot_s": 0.625, "ttft_s": 0.32147, "unsafe_lambda": null}
{"alpha": 0.15, "evaluations": 100, "first_violation": null, "partition": "11-9-11-9-11-9-11-9", "peak_decode_at_first_unsafe": null, "right_censored": true, "safe_lambda": 0.05, "sampled_monotonic": true, "shift": 1, "tpot_s": 0.625, "ttft_s": 0.32147, "unsafe_lambda": null}
{"alpha": 0.15, "evaluations": 100, "first_violation": null, "partition": "12-8-12-8-12-8-12-8", "peak_decode_at_first_unsafe": null, "right_censored": true, "safe_lambda": 0.05, "sampled_monotonic": true, "shift": 2, "tpot_s": 0.625, "ttft_s": 0.32147, "unsafe_lambda": null}
point_summary={"all_sampled_monotonic": true, "alpha": 0.15, "any_right_censored": true, "best_gain_over_uniform_pct": 0.0, "best_safe_lambda": 0.05, "best_shifts": [-2, -1, 0, 1, 2], "direction": "tie_or_mixed", "total_evaluations": 500, "tpot_s": 0.625, "ttft_s": 0.32147, "uniform_safe_lambda": 0.05}
{"alpha": 0.175, "evaluations": 100, "first_violation": null, "partition": "8-12-8-12-8-12-8-12", "peak_decode_at_first_unsafe": null, "right_censored": true, "safe_lambda": 0.05, "sampled_monotonic": true, "shift": -2, "tpot_s": 0.588235, "ttft_s": 0.329606, "unsafe_lambda": null}
{"alpha": 0.175, "evaluations": 100, "first_violation": null, "partition": "9-11-9-11-9-11-9-11", "peak_decode_at_first_unsafe": null, "right_censored": true, "safe_lambda": 0.05, "sampled_monotonic": true, "shift": -1, "tpot_s": 0.588235, "ttft_s": 0.329606, "unsafe_lambda": null}
{"alpha": 0.175, "evaluations": 100, "first_violation": null, "partition": "10-10-10-10-10-10-10-10", "peak_decode_at_first_unsafe": null, "right_censored": true, "safe_lambda": 0.05, "sampled_monotonic": true, "shift": 0, "tpot_s": 0.588235, "ttft_s": 0.329606, "unsafe_lambda": null}
{"alpha": 0.175, "evaluations": 100, "first_violation": null, "partition": "11-9-11-9-11-9-11-9", "peak_decode_at_first_unsafe": null, "right_censored": true, "safe_lambda": 0.05, "sampled_monotonic": true, "shift": 1, "tpot_s": 0.588235, "ttft_s": 0.329606, "unsafe_lambda": null}
{"alpha": 0.175, "evaluations": 100, "first_violation": null, "partition": "12-8-12-8-12-8-12-8", "peak_decode_at_first_unsafe": null, "right_censored": true, "safe_lambda": 0.05, "sampled_monotonic": true, "shift": 2, "tpot_s": 0.588235, "ttft_s": 0.329606, "unsafe_lambda": null}
point_summary={"all_sampled_monotonic": true, "alpha": 0.175, "any_right_censored": true, "best_gain_over_uniform_pct": 0.0, "best_safe_lambda": 0.05, "best_shifts": [-2, -1, 0, 1, 2], "direction": "tie_or_mixed", "total_evaluations": 500, "tpot_s": 0.588235, "ttft_s": 0.329606, "uniform_safe_lambda": 0.05}
{"alpha": 0.2, "evaluations": 100, "first_violation": null, "partition": "8-12-8-12-8-12-8-12", "peak_decode_at_first_unsafe": null, "right_censored": true, "safe_lambda": 0.05, "sampled_monotonic": true, "shift": -2, "tpot_s": 0.555556, "ttft_s": 0.338164, "unsafe_lambda": null}
{"alpha": 0.2, "evaluations": 100, "first_violation": null, "partition": "9-11-9-11-9-11-9-11", "peak_decode_at_first_unsafe": null, "right_censored": true, "safe_lambda": 0.05, "sampled_monotonic": true, "shift": -1, "tpot_s": 0.555556, "ttft_s": 0.338164, "unsafe_lambda": null}
{"alpha": 0.2, "evaluations": 100, "first_violation": null, "partition": "10-10-10-10-10-10-10-10", "peak_decode_at_first_unsafe": null, "right_censored": true, "safe_lambda": 0.05, "sampled_monotonic": true, "shift": 0, "tpot_s": 0.555556, "ttft_s": 0.338164, "unsafe_lambda": null}
{"alpha": 0.2, "evaluations": 100, "first_violation": null, "partition": "11-9-11-9-11-9-11-9", "peak_decode_at_first_unsafe": null, "right_censored": true, "safe_lambda": 0.05, "sampled_monotonic": true, "shift": 1, "tpot_s": 0.555556, "ttft_s": 0.338164, "unsafe_lambda": null}
{"alpha": 0.2, "evaluations": 100, "first_violation": null, "partition": "12-8-12-8-12-8-12-8", "peak_decode_at_first_unsafe": null, "right_censored": true, "safe_lambda": 0.05, "sampled_monotonic": true, "shift": 2, "tpot_s": 0.555556, "ttft_s": 0.338164, "unsafe_lambda": null}
point_summary={"all_sampled_monotonic": true, "alpha": 0.2, "any_right_censored": true, "best_gain_over_uniform_pct": 0.0, "best_safe_lambda": 0.05, "best_shifts": [-2, -1, 0, 1, 2], "direction": "tie_or_mixed", "total_evaluations": 500, "tpot_s": 0.555556, "ttft_s": 0.338164, "uniform_safe_lambda": 0.05}
{"alpha": 0.225, "evaluations": 100, "first_violation": null, "partition": "8-12-8-12-8-12-8-12", "peak_decode_at_first_unsafe": null, "right_censored": true, "safe_lambda": 0.05, "sampled_monotonic": true, "shift": -2, "tpot_s": 0.526316, "ttft_s": 0.347179, "unsafe_lambda": null}
{"alpha": 0.225, "evaluations": 100, "first_violation": null, "partition": "9-11-9-11-9-11-9-11", "peak_decode_at_first_unsafe": null, "right_censored": true, "safe_lambda": 0.05, "sampled_monotonic": true, "shift": -1, "tpot_s": 0.526316, "ttft_s": 0.347179, "unsafe_lambda": null}
{"alpha": 0.225, "evaluations": 100, "first_violation": null, "partition": "10-10-10-10-10-10-10-10", "peak_decode_at_first_unsafe": null, "right_censored": true, "safe_lambda": 0.05, "sampled_monotonic": true, "shift": 0, "tpot_s": 0.526316, "ttft_s": 0.347179, "unsafe_lambda": null}
{"alpha": 0.225, "evaluations": 100, "first_violation": null, "partition": "11-9-11-9-11-9-11-9", "peak_decode_at_first_unsafe": null, "right_censored": true, "safe_lambda": 0.05, "sampled_monotonic": true, "shift": 1, "tpot_s": 0.526316, "ttft_s": 0.347179, "unsafe_lambda": null}
{"alpha": 0.225, "evaluations": 65, "first_violation": "network", "partition": "12-8-12-8-12-8-12-8", "peak_decode_at_first_unsafe": 22, "right_censored": false, "safe_lambda": 0.0306, "sampled_monotonic": true, "shift": 2, "tpot_s": 0.526316, "ttft_s": 0.347179, "unsafe_lambda": 0.03065}
point_summary={"all_sampled_monotonic": true, "alpha": 0.225, "any_right_censored": true, "best_gain_over_uniform_pct": 0.0, "best_safe_lambda": 0.05, "best_shifts": [-2, -1, 0, 1], "direction": "tie_or_mixed", "total_evaluations": 465, "tpot_s": 0.526316, "ttft_s": 0.347179, "uniform_safe_lambda": 0.05}
{"alpha": 0.25, "evaluations": 76, "first_violation": "network", "partition": "8-12-8-12-8-12-8-12", "peak_decode_at_first_unsafe": 22, "right_censored": false, "safe_lambda": 0.03345, "sampled_monotonic": true, "shift": -2, "tpot_s": 0.5, "ttft_s": 0.356688, "unsafe_lambda": 0.0335}
{"alpha": 0.25, "evaluations": 71, "first_violation": "network", "partition": "9-11-9-11-9-11-9-11", "peak_decode_at_first_unsafe": 22, "right_censored": false, "safe_lambda": 0.0327, "sampled_monotonic": true, "shift": -1, "tpot_s": 0.5, "ttft_s": 0.356688, "unsafe_lambda": 0.03275}
{"alpha": 0.25, "evaluations": 73, "first_violation": "network", "partition": "10-10-10-10-10-10-10-10", "peak_decode_at_first_unsafe": 22, "right_censored": false, "safe_lambda": 0.03195, "sampled_monotonic": true, "shift": 0, "tpot_s": 0.5, "ttft_s": 0.356688, "unsafe_lambda": 0.032}
{"alpha": 0.25, "evaluations": 64, "first_violation": "network", "partition": "11-9-11-9-11-9-11-9", "peak_decode_at_first_unsafe": 21, "right_censored": false, "safe_lambda": 0.0301, "sampled_monotonic": true, "shift": 1, "tpot_s": 0.5, "ttft_s": 0.356688, "unsafe_lambda": 0.03015}
{"alpha": 0.25, "evaluations": 68, "first_violation": "network", "partition": "12-8-12-8-12-8-12-8", "peak_decode_at_first_unsafe": 21, "right_censored": false, "safe_lambda": 0.02945, "sampled_monotonic": true, "shift": 2, "tpot_s": 0.5, "ttft_s": 0.356688, "unsafe_lambda": 0.0295}
point_summary={"all_sampled_monotonic": true, "alpha": 0.25, "any_right_censored": false, "best_gain_over_uniform_pct": 4.695, "best_safe_lambda": 0.03345, "best_shifts": [-2], "direction": "t4x4_heavy", "total_evaluations": 352, "tpot_s": 0.5, "ttft_s": 0.356688, "uniform_safe_lambda": 0.03195}
{"alpha": 0.3, "evaluations": 67, "first_violation": "network", "partition": "8-12-8-12-8-12-8-12", "peak_decode_at_first_unsafe": 20, "right_censored": false, "safe_lambda": 0.03025, "sampled_monotonic": true, "shift": -2, "tpot_s": 0.454545, "ttft_s": 0.377358, "unsafe_lambda": 0.0303}
{"alpha": 0.3, "evaluations": 62, "first_violation": "network", "partition": "9-11-9-11-9-11-9-11", "peak_decode_at_first_unsafe": 20, "right_censored": false, "safe_lambda": 0.02955, "sampled_monotonic": true, "shift": -1, "tpot_s": 0.454545, "ttft_s": 0.377358, "unsafe_lambda": 0.0296}
{"alpha": 0.3, "evaluations": 55, "first_violation": "network", "partition": "10-10-10-10-10-10-10-10", "peak_decode_at_first_unsafe": 19, "right_censored": false, "safe_lambda": 0.02605, "sampled_monotonic": true, "shift": 0, "tpot_s": 0.454545, "ttft_s": 0.377358, "unsafe_lambda": 0.0261}
{"alpha": 0.3, "evaluations": 60, "first_violation": "network", "partition": "11-9-11-9-11-9-11-9", "peak_decode_at_first_unsafe": 19, "right_censored": false, "safe_lambda": 0.02545, "sampled_monotonic": true, "shift": 1, "tpot_s": 0.454545, "ttft_s": 0.377358, "unsafe_lambda": 0.0255}
{"alpha": 0.3, "evaluations": 59, "first_violation": "network", "partition": "12-8-12-8-12-8-12-8", "peak_decode_at_first_unsafe": 19, "right_censored": false, "safe_lambda": 0.0249, "sampled_monotonic": true, "shift": 2, "tpot_s": 0.454545, "ttft_s": 0.377358, "unsafe_lambda": 0.02495}
point_summary={"all_sampled_monotonic": true, "alpha": 0.3, "any_right_censored": false, "best_gain_over_uniform_pct": 16.123, "best_safe_lambda": 0.03025, "best_shifts": [-2], "direction": "t4x4_heavy", "total_evaluations": 303, "tpot_s": 0.454545, "ttft_s": 0.377358, "uniform_safe_lambda": 0.02605}
{"alpha": 0.35, "evaluations": 50, "first_violation": "network", "partition": "8-12-8-12-8-12-8-12", "peak_decode_at_first_unsafe": 18, "right_censored": false, "safe_lambda": 0.0222, "sampled_monotonic": true, "shift": -2, "tpot_s": 0.416667, "ttft_s": 0.400572, "unsafe_lambda": 0.02225}
{"alpha": 0.35, "evaluations": 48, "first_violation": "network", "partition": "9-11-9-11-9-11-9-11", "peak_decode_at_first_unsafe": 18, "right_censored": false, "safe_lambda": 0.02165, "sampled_monotonic": true, "shift": -1, "tpot_s": 0.416667, "ttft_s": 0.400572, "unsafe_lambda": 0.0217}
{"alpha": 0.35, "evaluations": 47, "first_violation": "network", "partition": "10-10-10-10-10-10-10-10", "peak_decode_at_first_unsafe": 17, "right_censored": false, "safe_lambda": 0.0198, "sampled_monotonic": true, "shift": 0, "tpot_s": 0.416667, "ttft_s": 0.400572, "unsafe_lambda": 0.01985}
{"alpha": 0.35, "evaluations": 40, "first_violation": "network", "partition": "11-9-11-9-11-9-11-9", "peak_decode_at_first_unsafe": 17, "right_censored": false, "safe_lambda": 0.019, "sampled_monotonic": true, "shift": 1, "tpot_s": 0.416667, "ttft_s": 0.400572, "unsafe_lambda": 0.01905}
{"alpha": 0.35, "evaluations": 41, "first_violation": "network", "partition": "12-8-12-8-12-8-12-8", "peak_decode_at_first_unsafe": 17, "right_censored": false, "safe_lambda": 0.0186, "sampled_monotonic": true, "shift": 2, "tpot_s": 0.416667, "ttft_s": 0.400572, "unsafe_lambda": 0.01865}
point_summary={"all_sampled_monotonic": true, "alpha": 0.35, "any_right_censored": false, "best_gain_over_uniform_pct": 12.121, "best_safe_lambda": 0.0222, "best_shifts": [-2], "direction": "t4x4_heavy", "total_evaluations": 226, "tpot_s": 0.416667, "ttft_s": 0.400572, "uniform_safe_lambda": 0.0198}
{"alpha": 0.4, "evaluations": 40, "first_violation": "network", "partition": "8-12-8-12-8-12-8-12", "peak_decode_at_first_unsafe": 16, "right_censored": false, "safe_lambda": 0.019, "sampled_monotonic": true, "shift": -2, "tpot_s": 0.384615, "ttft_s": 0.426829, "unsafe_lambda": 0.01905}
{"alpha": 0.4, "evaluations": 41, "first_violation": "network", "partition": "9-11-9-11-9-11-9-11", "peak_decode_at_first_unsafe": 16, "right_censored": false, "safe_lambda": 0.0186, "sampled_monotonic": true, "shift": -1, "tpot_s": 0.384615, "ttft_s": 0.426829, "unsafe_lambda": 0.01865}
{"alpha": 0.4, "evaluations": 41, "first_violation": "network", "partition": "10-10-10-10-10-10-10-10", "peak_decode_at_first_unsafe": 15, "right_censored": false, "safe_lambda": 0.0168, "sampled_monotonic": true, "shift": 0, "tpot_s": 0.384615, "ttft_s": 0.426829, "unsafe_lambda": 0.01685}
{"alpha": 0.4, "evaluations": 35, "first_violation": "network", "partition": "11-9-11-9-11-9-11-9", "peak_decode_at_first_unsafe": 15, "right_censored": false, "safe_lambda": 0.01605, "sampled_monotonic": true, "shift": 1, "tpot_s": 0.384615, "ttft_s": 0.426829, "unsafe_lambda": 0.0161}
{"alpha": 0.4, "evaluations": 37, "first_violation": "network", "partition": "12-8-12-8-12-8-12-8", "peak_decode_at_first_unsafe": 15, "right_censored": false, "safe_lambda": 0.0157, "sampled_monotonic": true, "shift": 2, "tpot_s": 0.384615, "ttft_s": 0.426829, "unsafe_lambda": 0.01575}
point_summary={"all_sampled_monotonic": true, "alpha": 0.4, "any_right_censored": false, "best_gain_over_uniform_pct": 13.095, "best_safe_lambda": 0.019, "best_shifts": [-2], "direction": "t4x4_heavy", "total_evaluations": 194, "tpot_s": 0.384615, "ttft_s": 0.426829, "uniform_safe_lambda": 0.0168}
{"alpha": 0.5, "evaluations": 32, "first_violation": "network", "partition": "8-12-8-12-8-12-8-12", "peak_decode_at_first_unsafe": 13, "right_censored": false, "safe_lambda": 0.0114, "sampled_monotonic": true, "shift": -2, "tpot_s": 0.333333, "ttft_s": 0.491228, "unsafe_lambda": 0.01145}
{"alpha": 0.5, "evaluations": 28, "first_violation": "network", "partition": "9-11-9-11-9-11-9-11", "peak_decode_at_first_unsafe": 12, "right_censored": false, "safe_lambda": 0.00985, "sampled_monotonic": true, "shift": -1, "tpot_s": 0.333333, "ttft_s": 0.491228, "unsafe_lambda": 0.0099}
{"alpha": 0.5, "evaluations": 24, "first_violation": "network", "partition": "10-10-10-10-10-10-10-10", "peak_decode_at_first_unsafe": 12, "right_censored": false, "safe_lambda": 0.00965, "sampled_monotonic": true, "shift": 0, "tpot_s": 0.333333, "ttft_s": 0.491228, "unsafe_lambda": 0.0097}
{"alpha": 0.5, "evaluations": 28, "first_violation": "network", "partition": "11-9-11-9-11-9-11-9", "peak_decode_at_first_unsafe": 12, "right_censored": false, "safe_lambda": 0.0094, "sampled_monotonic": true, "shift": 1, "tpot_s": 0.333333, "ttft_s": 0.491228, "unsafe_lambda": 0.00945}
{"alpha": 0.5, "evaluations": 22, "first_violation": "network", "partition": "12-8-12-8-12-8-12-8", "peak_decode_at_first_unsafe": 11, "right_censored": false, "safe_lambda": 0.0082, "sampled_monotonic": true, "shift": 2, "tpot_s": 0.333333, "ttft_s": 0.491228, "unsafe_lambda": 0.00825}
point_summary={"all_sampled_monotonic": true, "alpha": 0.5, "any_right_censored": false, "best_gain_over_uniform_pct": 18.135, "best_safe_lambda": 0.0114, "best_shifts": [-2], "direction": "t4x4_heavy", "total_evaluations": 134, "tpot_s": 0.333333, "ttft_s": 0.491228, "uniform_safe_lambda": 0.00965}
{"alpha": 0.75, "evaluations": 13, "first_violation": "network", "partition": "8-12-8-12-8-12-8-12", "peak_decode_at_first_unsafe": 7, "right_censored": false, "safe_lambda": 0.0055, "sampled_monotonic": true, "shift": -2, "tpot_s": 0.25, "ttft_s": 0.788732, "unsafe_lambda": 0.00555}
{"alpha": 0.75, "evaluations": 16, "first_violation": "network", "partition": "9-11-9-11-9-11-9-11", "peak_decode_at_first_unsafe": 6, "right_censored": false, "safe_lambda": 0.0043, "sampled_monotonic": true, "shift": -1, "tpot_s": 0.25, "ttft_s": 0.788732, "unsafe_lambda": 0.00435}
{"alpha": 0.75, "evaluations": 15, "first_violation": "network", "partition": "10-10-10-10-10-10-10-10", "peak_decode_at_first_unsafe": 6, "right_censored": false, "safe_lambda": 0.00425, "sampled_monotonic": true, "shift": 0, "tpot_s": 0.25, "ttft_s": 0.788732, "unsafe_lambda": 0.0043}
{"alpha": 0.75, "evaluations": 13, "first_violation": "network", "partition": "11-9-11-9-11-9-11-9", "peak_decode_at_first_unsafe": 6, "right_censored": false, "safe_lambda": 0.00415, "sampled_monotonic": true, "shift": 1, "tpot_s": 0.25, "ttft_s": 0.788732, "unsafe_lambda": 0.0042}
{"alpha": 0.75, "evaluations": 11, "first_violation": "network", "partition": "12-8-12-8-12-8-12-8", "peak_decode_at_first_unsafe": 6, "right_censored": false, "safe_lambda": 0.00405, "sampled_monotonic": true, "shift": 2, "tpot_s": 0.25, "ttft_s": 0.788732, "unsafe_lambda": 0.0041}
point_summary={"all_sampled_monotonic": true, "alpha": 0.75, "any_right_censored": false, "best_gain_over_uniform_pct": 29.412, "best_safe_lambda": 0.0055, "best_shifts": [-2], "direction": "t4x4_heavy", "total_evaluations": 68, "tpot_s": 0.25, "ttft_s": 0.788732, "uniform_safe_lambda": 0.00425}
{"alpha": 1.0, "evaluations": 13, "first_violation": "network", "partition": "8-12-8-12-8-12-8-12", "peak_decode_at_first_unsafe": 3, "right_censored": false, "safe_lambda": 0.00235, "sampled_monotonic": true, "shift": -2, "tpot_s": 0.2, "ttft_s": 2.0, "unsafe_lambda": 0.0024}
{"alpha": 1.0, "evaluations": 12, "first_violation": "network", "partition": "9-11-9-11-9-11-9-11", "peak_decode_at_first_unsafe": 3, "right_censored": false, "safe_lambda": 0.0023, "sampled_monotonic": true, "shift": -1, "tpot_s": 0.2, "ttft_s": 2.0, "unsafe_lambda": 0.00235}
{"alpha": 1.0, "evaluations": 8, "first_violation": "network", "partition": "10-10-10-10-10-10-10-10", "peak_decode_at_first_unsafe": 3, "right_censored": false, "safe_lambda": 0.00165, "sampled_monotonic": true, "shift": 0, "tpot_s": 0.2, "ttft_s": 2.0, "unsafe_lambda": 0.0017}
{"alpha": 1.0, "evaluations": 7, "first_violation": "network", "partition": "11-9-11-9-11-9-11-9", "peak_decode_at_first_unsafe": 2, "right_censored": false, "safe_lambda": 0.00115, "sampled_monotonic": true, "shift": 1, "tpot_s": 0.2, "ttft_s": 2.0, "unsafe_lambda": 0.0012}
{"alpha": 1.0, "evaluations": 6, "first_violation": "network", "partition": "12-8-12-8-12-8-12-8", "peak_decode_at_first_unsafe": 2, "right_censored": false, "safe_lambda": 0.0011, "sampled_monotonic": true, "shift": 2, "tpot_s": 0.2, "ttft_s": 2.0, "unsafe_lambda": 0.00115}
point_summary={"all_sampled_monotonic": true, "alpha": 1.0, "any_right_censored": false, "best_gain_over_uniform_pct": 42.424, "best_safe_lambda": 0.00235, "best_shifts": [-2], "direction": "t4x4_heavy", "total_evaluations": 46, "tpot_s": 0.2, "ttft_s": 2.0, "uniform_safe_lambda": 0.00165}
conclusion={"all_sampled_monotonic": true, "answer": "not_yet", "crossover_bracket": [0.05, 0.25], "end_direction": "t4x4_heavy", "first_t4x4_heavy_alpha": 0.25, "last_l4x2_heavy_alpha": 0.05, "max_gain_over_uniform_pct": 42.424, "no_right_censoring": false, "question": "Can the SLA-dependent partition preference crossover be localized without capacity right-censoring?", "start_direction": "l4x2_heavy"}
